{
  "skillStuffs": [
    {
      "shakeStrengthY": 30,
      "cd": 60,
      "shakeStrengthX": 30,
      "forSale": false,
      "level": 1,
      "priceType": "DIAMOND",
      "description": "desc",
      "pic": "apple shock.png",
      "maxGrade": 10,
      "powerAddtion": 1000,
      "shakeTime": 0.5,
      "basePower": 1000,
      "hurtMusic": "appleshock.wav",
      "voiceWords": [
        "APPLESHOCK",
        "APPLESHO"
      ],
      "price": 0,
      "name": "APPLE SHOCK",
      "desicionTime": 200,
      "hurtName": "HIT01",
      "_id": "APPLE_SHOCK",
      "bookPic": "appleshockbook.png",
      "damageType": "DEADATTACK"
    }
  ]
}