{"weaponStuffs":[{"forSale":false,"durability":0,"priceType":"DIAMOND","description":"desc","pic":"bigflask.png","maxGrade":60,"powerAddtion":108,"life":0,"basePower":0,"price":0,"name":"BIG FLASK","_id":"BIG_FLASK","damageType":"WEAPON"},{"forSale":false,"durability":0,"priceType":"DIAMOND","description":"desc","pic":"bigsword.png","maxGrade":60,"powerAddtion":108,"life":0,"basePower":0,"price":0,"name":"BIG SWORD","_id":"BIG_SWORD","damageType":"WEAPON"}],"skillStuffs":[{"shakeStrengthY":30,"cd":60,"shakeStrengthX":30,"forSale":false,"level":1,"priceType":"DIAMOND","description":"desc","pic":"apple shock.png","maxGrade":10,"powerAddtion":1000,"shakeTime":0.5,"basePower":1000,"hurtMusic":"appleshock.wav","voiceWords":["APPLESHOCK","APPLESHO"],"price":0,"name":"APPLE SHOCK","desicionTime":200,"hurtName":"HIT01","_id":"APPLE_SHOCK","bookPic":"appleshockbook.png","damageType":"DEADATTACK"}],"essenceStuffs":[{"forSale":false,"exAddition":[],"star":2,"level":1,"priceType":"DIAMOND","description":"He is a famous guy","pic":null,"bigSkillStuffId":"MOONWALK","price":0,"basicIntelligence":10,"starAddition":[22,15,10,0.12],"name":"MJ","skillStuffIds":["INFINITY_STRIKE","SHADOW_FIST"],"_id":"S10_ESSENCE","basicPower":18,"basicLife":120}]}