{"map":[{"_id":{"$numberLong":"1"},"_class":"centaurs.game.vocalwarrior.business.entity.map.Map","stage":0,"floor":0,"type":"STORY","monster":{"_id":"CHIEF","name":"Chief","level":1,"power":1,"life":100,"intelligence":0,"ai":1,"equippedWeaponIds":["KICK","PUNCH"],"equippedSkillIds":[],"goldReward":100,"experienceReward":100,"diamondReward":0,"stuffRewardTypes":[],"weaponRewardId":null,"skillRewardId":null,"essenceRewardId":null},"monsterInScene":4    }]}