{
  "weaponStuffs": [
    {
      "_id": "BIG_SWORD",
      "name": "BIG SWORD",
      "price": 0,
      "priceType": "DIAMOND",
      "pic": "bigsword.png",
      "description": "desc",
      "forSale": false,
      "basePower": 0,
      "life": 0,
      "durability": 0,
      "damageType": "WEAPON",
      "maxGrade": 60,
      "powerAddtion": 108
    },
    {
      "_id": "BIG_FLASK",
      "name": "BIG FLASK",
      "price": 0,
      "priceType": "DIAMOND",
      "pic": "bigflask.png",
      "description": "desc",
      "forSale": false,
      "basePower": 0,
      "life": 0,
      "durability": 0,
      "damageType": "WEAPON",
      "maxGrade": 60,
      "powerAddtion": 108
    }
  ]
}