[
  {
    "stage": 0,
    "monsterInScene": 4,
    "mapid": 0,
    "_id": {
      "testatt2": "abc123",
      "testatt1": true,
      "$numberLong": "1",
      "testatt4": "",
      "testatt3": "aaa"
    },
    "_class": "centaurs.game.vocalwarrior.business.entity.map.Map",
    "floor": 0,
    "type": "STORY",
    "monster": {
      "equippedWeaponIds": [
        "KICK",
        "PUNCH"
      ],
      "level": 1,
      "ai": 1,
      "diamondReward": 0,
      "equippedSkillIds": [],
      "skillRewardId": null,
      "life": 100,
      "intelligence": 0,
      "experienceReward": 100,
      "goldReward": 100,
      "monsterId": 0,
      "name": "Chief",
      "essenceRewardId": null,
      "stuffRewardTypes": [],
      "_id": "CHIEF",
      "power": 1,
      "weaponRewardId": null
    }
  },
  {
    "equippedWeaponIds": [
      "KICK",
      "PUNCH"
    ],
    "level": 1,
    "ai": 1,
    "diamondReward": 0,
    "equippedSkillIds": [],
    "skillRewardId": null,
    "life": 100,
    "intelligence": 0,
    "experienceReward": 100,
    "goldReward": 100,
    "monsterId": 0,
    "name": "Chief",
    "essenceRewardId": null,
    "stuffRewardTypes": [],
    "_id": "CHIEF",
    "power": 1,
    "weaponRewardId": null
  }
]